Change Component Designator: Old Designator=C24 New Designator=C1
Change Component Designator: Old Designator=C25 New Designator=C2
Change Component Designator: Old Designator=C28 New Designator=C4
Change Component Designator: Old Designator=C29 New Designator=C5
Change Component Designator: Old Designator=C31 New Designator=C3
Change Component Designator: Old Designator=D8 New Designator=D1
Change Component Designator: Old Designator=D9 New Designator=D2
Change Component Designator: Old Designator=D12 New Designator=D3
Change Component Designator: Old Designator=D13 New Designator=D4
Change Component Designator: Old Designator=IC2 New Designator=IC1
Change Component Designator: Old Designator=J1 New Designator=J2
Change Component Designator: Old Designator=J2 New Designator=J1
Change Component Designator: Old Designator=J7 New Designator=J3
Change Component Designator: Old Designator=J13 New Designator=J4
Change Component Designator: Old Designator=J14 New Designator=J5
Change Component Designator: Old Designator=J15 New Designator=J6
Change Component Designator: Old Designator=J17 New Designator=J7
Change Component Designator: Old Designator=LED2 New Designator=LED1
Change Component Designator: Old Designator=LED3 New Designator=LED2
Change Component Designator: Old Designator=LED4 New Designator=LED3
Change Component Designator: Old Designator=LED5 New Designator=LED4
Change Component Designator: Old Designator=LED6 New Designator=LED5
Change Component Designator: Old Designator=Q2 New Designator=Q1
Change Component Designator: Old Designator=Q3 New Designator=Q2
Change Component Designator: Old Designator=Q4 New Designator=Q3
Change Component Designator: Old Designator=Q5 New Designator=Q4
Change Component Designator: Old Designator=R8 New Designator=R9
Change Component Designator: Old Designator=R9 New Designator=R10
Change Component Designator: Old Designator=R11 New Designator=R13
Change Component Designator: Old Designator=R12 New Designator=R14
Change Component Designator: Old Designator=R13 New Designator=R15
Change Component Designator: Old Designator=R14 New Designator=R16
Change Component Designator: Old Designator=R15 New Designator=R17
Change Component Designator: Old Designator=R16 New Designator=R11
Change Component Designator: Old Designator=R17 New Designator=R12
Change Component Designator: Old Designator=R20 New Designator=R1
Change Component Designator: Old Designator=R21 New Designator=R2
Change Component Designator: Old Designator=R23 New Designator=R18
Change Component Designator: Old Designator=R24 New Designator=R19
Change Component Designator: Old Designator=R28 New Designator=R3
Change Component Designator: Old Designator=R29 New Designator=R4
Change Component Designator: Old Designator=R31 New Designator=R5
Change Component Designator: Old Designator=R32 New Designator=R6
Change Component Designator: Old Designator=R33 New Designator=R7
Change Component Designator: Old Designator=R34 New Designator=R8
